I'm sorry, but errors were detected in your script. Please correct the
errors listed below, and try again.


File "game/script.rpy", line 29: invalid syntax
        _{"linxia"}\
          ^

Ren'Py Version: Ren'Py 8.3.4.24120703
Sun Feb  9 00:15:18 2025
